[parker.studio/index.html]
[backblue.gif]
[fade.gif]
[index.html]
[parker.studio/img/twitter.0.delayed]
[parker.studio/favicon.png]
[parker.studio/_nuxt/e1641bc.js]
[parker.studio/_nuxt/cff0cb3.js]
[parker.studio/_nuxt/fba65e2.js]
[parker.studio/_nuxt/8b19353.js]
[parker.studio/_nuxt/e7408dc.js]
[parker.studio/_nuxt/4fa61b5.js]
[parker.studio/_nuxt/3cfc2cb.js]
[parker.studio/_nuxt/1a0da99.js]
[parker.studio/_nuxt/773de80.js]
[parker.studio/_nuxt/fonts/ChaletBook-Regular.291e44a.woff2]
[parker.studio/_nuxt/fonts/ChaletBook-Regular.c3e0fb6.woff]
[parker.studio/_nuxt/fonts/ChaletBook-Italic.d82031b.woff2]
[parker.studio/_nuxt/fonts/ChaletBook-Italic.d606da7.woff]
[parker.studio/_nuxt/fonts/PSTimes-Regular.afa64a9.woff2]
[parker.studio/_nuxt/fonts/PSTimes-Regular.8f673c7.woff]
[parker.studio/_nuxt/static/1739986063/state.js]
[parker.studio/_nuxt/static/1739986063/payload.js]
[parker.studio/_nuxt/static/1739986063/manifest.js]
[parker.studio/work/index.html]
[parker.studio/news/index.html]
[parker.studio/about/index.html]
[parker.studio/contact/index.html]
[parker.studio/store/index.html]
[parker.studio/work/picco/index.html]
[parker.studio/work/holcomb/index.html]
[parker.studio/work/milamend/index.html]
[parker.studio/work/myers-briggs/index.html]
[parker.studio/work/lululemon/index.html]
[parker.studio/work/keeps/index.html]
[parker.studio/work/feldman/index.html]
[parker.studio/work/760skin/index.html]
[parker.studio/work/corporate-examples/index.html]
[parker.studio/work/gwella/index.html]
[parker.studio/index.html]
[parker.studio/img/twitter.html]
[parker.studio/work/prismatic/index.html]
[parker.studio/store/parker-studio-times/index.html]
[parker.studio/_nuxt/f99cd61.js]
[parker.studio/_nuxt/62ee33c.js]
[parker.studio/_nuxt/1d95c57.js]
[parker.studio/_nuxt/static/1739986063/work/state.js]
[parker.studio/_nuxt/static/1739986063/work/payload.js]
[parker.studio/work/anodetome/index.html]
[parker.studio/work/habits/index.html]
[parker.studio/work/tops-diner/index.html]
[parker.studio/work/the-willows-inn/index.html]
[parker.studio/work/sanctuary/index.html]
[parker.studio/work/grape-juice/index.html]
[parker.studio/work/google/index.html]
[parker.studio/work/osito/index.html]
[parker.studio/work/girlfriend-collective/index.html]
[parker.studio/work/clutch-automotive/index.html]
[parker.studio/work/modern-shed/index.html]
[parker.studio/work/loftium/index.html]
[parker.studio/work/index.html]
[parker.studio/_nuxt/2a46267.js]
[parker.studio/work/routable/index.html]
[parker.studio/_nuxt/static/1739986063/news/state.js]
[parker.studio/news/index.html]
[parker.studio/_nuxt/static/1739986063/news/payload.js]
[parker.studio/_nuxt/99506a6.js]
[parker.studio/_nuxt/static/1739986063/about/state.js]
[parker.studio/_nuxt/static/1739986063/about/payload.js]
[parker.studio/work/indexe1ef.html]
[parker.studio/work/indexcb78.html]
[parker.studio/work/indexd60e.html]
[parker.studio/about/index.html]
[parker.studio/_nuxt/02a72cc.js]
[parker.studio/work/index92df.html]
[parker.studio/_nuxt/static/1739986063/contact/state.js]
[parker.studio/_nuxt/static/1739986063/contact/payload.js]
[parker.studio/contact/index.html]
[parker.studio/_nuxt/6451e6e.js]
[parker.studio/_nuxt/static/1739986063/store/state.js]
[parker.studio/_nuxt/static/1739986063/store/payload.js]
[parker.studio/store/the-candle/index.html]
[parker.studio/store/index.html]
[parker.studio/store/office-air-seasoning/index.html]
[parker.studio/_nuxt/0a06e6f.js]
[parker.studio/_nuxt/static/1739986063/work/picco/state.js]
[parker.studio/work/picco/index.html]
[parker.studio/_nuxt/static/1739986063/work/picco/payload.js]
[parker.studio/_nuxt/static/1739986063/work/holcomb/state.js]
[parker.studio/work/holcomb/index.html]
[parker.studio/_nuxt/static/1739986063/work/holcomb/payload.js]
[parker.studio/_nuxt/static/1739986063/work/milamend/state.js]
[parker.studio/work/milamend/index.html]
[parker.studio/_nuxt/static/1739986063/work/milamend/payload.js]
[parker.studio/_nuxt/static/1739986063/work/myers-briggs/state.js]
[parker.studio/work/myers-briggs/index.html]
[parker.studio/_nuxt/static/1739986063/work/myers-briggs/payload.js]
[parker.studio/_nuxt/static/1739986063/work/lululemon/state.js]
[parker.studio/work/lululemon/index.html]
[parker.studio/_nuxt/static/1739986063/work/lululemon/payload.js]
[parker.studio/_nuxt/static/1739986063/work/keeps/state.js]
[parker.studio/_nuxt/static/1739986063/work/keeps/payload.js]
[parker.studio/work/keeps/index.html]
[parker.studio/_nuxt/static/1739986063/work/feldman/state.js]
[parker.studio/work/firsthand-supply/index.html]
[parker.studio/work/feldman/index.html]
[parker.studio/_nuxt/static/1739986063/work/feldman/payload.js]
[parker.studio/_nuxt/static/1739986063/work/760skin/state.js]
[parker.studio/work/760skin/index.html]
[parker.studio/_nuxt/static/1739986063/work/760skin/payload.js]
[parker.studio/_nuxt/static/1739986063/work/corporate-examples/state.js]
[parker.studio/work/corporate-examples/index.html]
[parker.studio/_nuxt/static/1739986063/work/corporate-examples/payload.js]
[parker.studio/_nuxt/static/1739986063/work/gwella/state.js]
[parker.studio/work/gwella/index.html]
[parker.studio/_nuxt/static/1739986063/work/gwella/payload.js]
[parker.studio/_nuxt/static/1739986063/work/prismatic/state.js]
[parker.studio/work/prismatic/index.html]
[parker.studio/_nuxt/static/1739986063/work/prismatic/payload.js]
[parker.studio/_nuxt/f73ed23.js]
[parker.studio/_nuxt/c32743b.js]
[parker.studio/_nuxt/static/1739986063/store/parker-studio-times/state.js]
[parker.studio/_nuxt/static/1739986063/store/parker-studio-times/payload.js]
[parker.studio/store/parker-studio-times/index.html]
[parker.studio/_nuxt/static/1739986063/work/anodetome/state.js]
[parker.studio/trial-agreement/index.html]
[parker.studio/work/anodetome/index.html]
[parker.studio/_nuxt/static/1739986063/work/anodetome/payload.js]
[parker.studio/_nuxt/static/1739986063/work/habits/state.js]
[parker.studio/work/habits/index.html]
[parker.studio/_nuxt/static/1739986063/work/habits/payload.js]
[parker.studio/_nuxt/static/1739986063/work/tops-diner/state.js]
[parker.studio/work/tops-diner/index.html]
[parker.studio/_nuxt/static/1739986063/work/tops-diner/payload.js]
[parker.studio/_nuxt/static/1739986063/work/the-willows-inn/state.js]
[parker.studio/work/the-willows-inn/index.html]
[parker.studio/_nuxt/static/1739986063/work/the-willows-inn/payload.js]
[parker.studio/_nuxt/static/1739986063/work/sanctuary/state.js]
[parker.studio/work/sanctuary/index.html]
[parker.studio/_nuxt/static/1739986063/work/sanctuary/payload.js]
[parker.studio/_nuxt/static/1739986063/work/grape-juice/state.js]
[parker.studio/work/grape-juice/index.html]
[parker.studio/_nuxt/static/1739986063/work/grape-juice/payload.js]
[parker.studio/_nuxt/static/1739986063/work/google/state.js]
[parker.studio/work/google/index.html]
[parker.studio/_nuxt/static/1739986063/work/google/payload.js]
[parker.studio/_nuxt/static/1739986063/work/Osito/state.js]
[parker.studio/work/osito/index.html]
[parker.studio/_nuxt/static/1739986063/work/Osito/payload.js]
[parker.studio/_nuxt/static/1739986063/work/girlfriend-collective/state.js]
[parker.studio/work/girlfriend-collective/index.html]
[parker.studio/_nuxt/static/1739986063/work/girlfriend-collective/payload.js]
[parker.studio/_nuxt/static/1739986063/work/clutch-automotive/state.js]
[parker.studio/_nuxt/static/1739986063/work/clutch-automotive/payload.js]
[parker.studio/work/clutch-automotive/index.html]
[parker.studio/_nuxt/static/1739986063/work/modern-shed/state.js]
[parker.studio/work/modern-shed/index.html]
[parker.studio/_nuxt/static/1739986063/work/modern-shed/payload.js]
[parker.studio/_nuxt/static/1739986063/work/loftium/state.js]
[parker.studio/work/loftium/index.html]
[parker.studio/_nuxt/static/1739986063/work/loftium/payload.js]
[parker.studio/_nuxt/static/1739986063/work/routable/state.js]
[parker.studio/_nuxt/static/1739986063/work/routable/payload.js]
[parker.studio/work/routable/index.html]
[parker.studio/work/indexe1ef.html]
[parker.studio/work/indexcb78.html]
[parker.studio/work/indexd60e.html]
[parker.studio/work/index92df.html]
[parker.studio/_nuxt/static/1739986063/store/the-candle/state.js]
[parker.studio/_nuxt/static/1739986063/store/the-candle/payload.js]
[parker.studio/store/the-candle/index.html]
[parker.studio/_nuxt/static/1739986063/store/office-air-seasoning/state.js]
[parker.studio/_nuxt/static/1739986063/store/office-air-seasoning/payload.js]
[parker.studio/store/office-air-seasoning/index.html]
[parker.studio/_nuxt/static/1739986063/work/firsthand-supply/state.js]
[parker.studio/work/firsthand-supply/index.html]
[parker.studio/_nuxt/static/1739986063/work/firsthand-supply/payload.js]
[parker.studio/_nuxt/46c6a85.js]
[parker.studio/_nuxt/static/1739986063/trial-agreement/state.js]
[parker.studio/_nuxt/static/1739986063/trial-agreement/payload.js]
[parker.studio/trial-agreement/index.html]
