[parker.studio/index.html]
[backblue.gif]
[fade.gif]
[index.html]
[parker.studio/img/twitter.0.delayed]
[parker.studio/favicon.png]
[parker.studio/_nuxt/e1641bc.js]
[parker.studio/_nuxt/cff0cb3.js]
[parker.studio/_nuxt/fba65e2.js]
[parker.studio/_nuxt/8b19353.js]
[parker.studio/_nuxt/e7408dc.js]
[parker.studio/_nuxt/4fa61b5.js]
[parker.studio/_nuxt/3cfc2cb.js]
[parker.studio/_nuxt/1a0da99.js]
[parker.studio/_nuxt/773de80.js]
[parker.studio/_nuxt/fonts/ChaletBook-Regular.291e44a.woff2]
[parker.studio/_nuxt/fonts/ChaletBook-Regular.c3e0fb6.woff]
[parker.studio/_nuxt/fonts/ChaletBook-Italic.d82031b.woff2]
[parker.studio/_nuxt/fonts/ChaletBook-Italic.d606da7.woff]
[parker.studio/_nuxt/fonts/PSTimes-Regular.afa64a9.woff2]
[parker.studio/_nuxt/fonts/PSTimes-Regular.8f673c7.woff]
[parker.studio/_nuxt/static/1739986063/state.js]
[parker.studio/_nuxt/static/1739986063/payload.js]
[parker.studio/_nuxt/static/1739986063/manifest.js]
[parker.studio/work/index.html]
[parker.studio/news/index.html]
[parker.studio/about/index.html]
[parker.studio/contact/index.html]
[parker.studio/store/index.html]
[parker.studio/work/picco/index.html]
[parker.studio/work/holcomb/index.html]
[parker.studio/work/milamend/index.html]
[parker.studio/work/myers-briggs/index.html]
[parker.studio/work/lululemon/index.html]
[parker.studio/work/keeps/index.html]
[parker.studio/work/feldman/index.html]
[parker.studio/work/760skin/index.html]
[parker.studio/work/corporate-examples/index.html]
[parker.studio/work/gwella/index.html]
[parker.studio/index.html]
[parker.studio/img/twitter.html]
[parker.studio/work/prismatic/index.html]
[parker.studio/store/parker-studio-times/index.html]
[parker.studio/_nuxt/f99cd61.js]
[parker.studio/_nuxt/62ee33c.js]
[parker.studio/_nuxt/1d95c57.js]
[parker.studio/_nuxt/static/1739986063/work/state.js]
[parker.studio/_nuxt/static/1739986063/work/payload.js]
[parker.studio/work/anodetome/index.html]
[parker.studio/work/habits/index.html]
[parker.studio/work/tops-diner/index.html]
[parker.studio/work/the-willows-inn/index.html]
[parker.studio/work/sanctuary/index.html]
[parker.studio/work/grape-juice/index.html]
[parker.studio/work/google/index.html]
[parker.studio/work/osito/index.html]
[parker.studio/work/girlfriend-collective/index.html]
[parker.studio/work/clutch-automotive/index.html]
[parker.studio/work/modern-shed/index.html]
[parker.studio/work/loftium/index.html]
[parker.studio/work/index.html]
[parker.studio/_nuxt/2a46267.js]
[parker.studio/work/routable/index.html]
[parker.studio/_nuxt/static/1739986063/news/state.js]
[parker.studio/news/index.html]
[parker.studio/_nuxt/static/1739986063/news/payload.js]
[parker.studio/_nuxt/99506a6.js]
[parker.studio/_nuxt/static/1739986063/about/state.js]
[parker.studio/_nuxt/static/1739986063/about/payload.js]
[parker.studio/work/indexe1ef.html]
[parker.studio/work/indexcb78.html]
[parker.studio/work/indexd60e.html]
[parker.studio/about/index.html]
[parker.studio/_nuxt/02a72cc.js]
[parker.studio/work/index92df.html]
[parker.studio/_nuxt/static/1739986063/contact/state.js]
[parker.studio/_nuxt/static/1739986063/contact/payload.js]
[parker.studio/contact/index.html]
[parker.studio/_nuxt/6451e6e.js]
[parker.studio/_nuxt/static/1739986063/store/state.js]
[parker.studio/_nuxt/static/1739986063/store/payload.js]
[parker.studio/store/the-candle/index.html]
[parker.studio/store/index.html]
[parker.studio/store/office-air-seasoning/index.html]
